corpus: 96 geometries
  plate_rect ... 53 ms [ok]
  disc ... 225 ms [ok]
  hexagon ... 94 ms [ok]
  l_polygon ... 78 ms [ok]
  annulus ... 314 ms [ok]
  box ... 58 ms [ok]
  sphere ... 251 ms [ok]
  cylinder ... 190 ms [ok]
  cone ... 365 ms [ok]
  frustum ... 357 ms [ok]
  torus ... 678 ms [ok]
  wedge ... 147 ms [ok]
  prism_l ... 266 ms [ok]
  union_box_sphere ... 480 ms [ok]
  diff_box_cyl ... 663 ms [ok]
  diff_box_sphere ... 387 ms [ok]
  fused_two ... 569 ms [ok]
  fused_three ... 699 ms [ok]
  capsule ... 4058 ms [ok]
  union_box_cyl ... 883 ms [ok]
  diff_cyl_box ... 755 ms [ok]
  drilled_block ... 1006 ms [ok]
  triangle ... 38 ms [ok]
  pentagon ... 86 ms [ok]
  star ... 103 ms [ok]
  square_hole ... 203 ms [ok]
  slab ... 135 ms [ok]
  hex_prism ... 333 ms [ok]
  tri_prism ... 238 ms [ok]
  star_prism ... 355 ms [ok]
  ellipsoidish ... 562 ms [ok]
  tube ... 797 ms [ok]
  fused_deep ... 862 ms [ok]
  fused_unequal ... 889 ms [ok]
  sphere_minus_box ... 723 ms [ok]
  box_minus_2sph ... 624 ms [ok]
  cross_cyl ... 994 ms [ok]
  via ... 937 ms [ok]
  nested_spheres ... 988 ms [ok]
  flush_tee ... 62 ms [ok]
  pipe_junction ...
thread '<unnamed>' (30980) panicked at C:\Repositories\rapidmesh\crates\rapidmesh-geom\src\scene.rs:669:17:
edge (566, 628) caps only slivers; no triangle reproduces its base edges
note: run with `RUST_BACKTRACE=1` environment variable to display a backtrace
 323 ms [FAIL]  PanicException: edge (566, 628) caps only slivers; no triangle reproduces its base edges
  pipe_cross ... 7408 ms [ok]
  gear ... 496 ms [ok]
  dice ... 4875 ms [ok]
  bearing ... 2249 ms [ok]
  bracket ... 3061 ms [ok]
  counterbore_plate ... 2403 ms [ok]
  lattice_cube ... 4257 ms [ok]
  orbs ... 1105 ms [ok]
  nested_shells ... 1359 ms [ok]
  rocket ... 2379 ms [ok]
  house ... 2010 ms [ok]
  chain ... 4784 ms [ok]
  spring ... 2085 ms [ok]
  serpentine ... 988 ms [ok]
  square_to_round ... 1078 ms [ok]
  perforated_plate ... 19498 ms [ok]
  mold_block ... 5831 ms [ok]
  pressure_vessel ... 18854 ms [ok]
  sizing_field ... 2641 ms [ok]
  baffled_tank ... 592 ms [ok]
  coax_step ... 2565 ms [ok]
  microstrip ... 9230 ms [ok]
  rf_coax_step ... 2612 ms [ok]
  rf_microstrip_line ... 859 ms [ok]
  rf_dielectric_resonator ... 3373 ms [ok]
  rf_iris_filter ... 1451 ms [ok]
  rf_patch_antenna ... 2235 ms [ok]
  rf_solenoid ... 7248 ms [ok]
  rf_cored_inductor ... 10734 ms [ok]
  rf_transformer ... 16007 ms [ok]
  rf_toroid_core ... 3965 ms [ok]
  plate_linear ... 49 ms [ok]
  plate_coarse_interior ... 32 ms [ok]
  disc_coarse_interior ... 131 ms [ok]
  box_linear ... 123 ms [ok]
  box_coarse_interior ... 366 ms [ok]
  sphere_coarse_interior ... 300 ms [ok]
  spiral_inductor ... 1230 ms [ok]
  organic_blob ... 2189 ms [ok]
  gear ... 977 ms [ok]
  interdigital_comb ... 293 ms [ok]
  blob_graded ... 1410 ms [ok]
  gear_coarse_interior ... 61 ms [ok]
  cyl_coarse_interior ...